{
  "run_id": "GR-20260802-101",
  "master_rows": 70,
  "unique_inns": 69,
  "duplicates_removed": 37,
  "contacts": 176,
  "evidence": 523,
  "manual_review": 69,
  "contacts_file": "data/contacts.csv",
  "evidence_file": "data/evidence.csv",
  "backup": "data/recovery/backup_20260802T070821Z"
}
exit_code=0
{
  "master_rows": 70,
  "unique_lead_ids": 70,
  "unique_inns": 70,
  "unique_ogrns": 68,
  "duplicate_lead_ids": [],
  "duplicate_inns": [],
  "duplicate_ogrns": [],
  "orphan_contacts": [],
  "orphan_evidence": [],
  "status_counts": {
    "МОЖНО СВЯЗЫВАТЬСЯ": 48,
    "НУЖНА ДОПРОВЕРКА": 5,
    "RESERVE": 9,
    "2026-07-30T18:11:59+04:00": 1,
    "2026-07-30T11:10:11+04:00": 1,
    "2026-07-30T14:11:28+04:00": 1,
    "2026-07-30T17:08:06+04:00": 1,
    "2026-07-30T15:08:02+04:00": 1,
    "1": 1,
    "2026-07-30T19:11:30+04:00": 1,
    "2026-07-30T21:11:46+04:00": 1
  },
  "contacts_verified": 176,
  "evidence_records_verified": 523,
  "grm_117_present": false,
  "errors": [
    "CURRENT_WORKING_CONFIG.md still contains BLOCKED",
    "unique_inns does not match master"
  ],
  "integrity_status": "FAIL"
}
